// Jest Snapshot v1, https://goo.gl/fbAQLP

exports[`renders correctly 1`] = `
<Layer>
  <Line
    listening={false}
    points={
      Array [
        0,
        0,
        0,
        undefined,
      ]
    }
    stroke="#e0e0e0"
    strokeWidth={2}
  />
</Layer>
`;
