// Jest Snapshot v1, https://goo.gl/fbAQLP

exports[`LoadModal renders correctly 1`] = `
<Fragment>
  <button
    className="button pink"
    onClick={[MockFunction]}
  >
    Close
  </button>
  <ul
    className="modal__list"
  >
    <li
      className="modal__list-item"
      key="0"
      onClick={[Function]}
    >
      Track One
    </li>
    <li
      className="modal__list-item"
      key="1"
      onClick={[Function]}
    >
      Track Two
    </li>
  </ul>
</Fragment>
`;
