// Jest Snapshot v1, https://goo.gl/fbAQLP

exports[`renders correctly 1`] = `
<div
  className="effect__container"
>
  <EffectHeader
    effectTitle="Freeverb"
  />
  <div
    className="effect__settings-container"
  >
    <div
      className="effect__dial-row"
    >
      <Connect(Dial)
        dataMax={16000}
        dataMin={40}
        dialRange={270}
        dialStartOffset={225}
        snapToStep={true}
        stepSize={5}
        updateValueCallback={[Function]}
        value={3000}
      >
        <Component />
      </Connect(Dial)>
      <Connect(Dial)
        dataMax={1}
        dataMin={0}
        dialRange={270}
        dialStartOffset={225}
        snapToStep={true}
        stepSize={0.005}
        updateValueCallback={[Function]}
        value={0.7}
      >
        <Component />
      </Connect(Dial)>
      <Connect(Dial)
        dataMax={1}
        dataMin={0}
        dialRange={270}
        dialStartOffset={225}
        snapToStep={true}
        stepSize={0.005}
        updateValueCallback={[Function]}
        value={1}
      >
        <Component />
      </Connect(Dial)>
    </div>
  </div>
</div>
`;
