// Jest Snapshot v1, https://goo.gl/fbAQLP

exports[`renders correctly 1`] = `
<div
  className="dial__outer-container"
>
  <div
    className="dial__container"
    onClick={[MockFunction]}
    onKeyDown={[MockFunction]}
    onMouseDown={[MockFunction]}
    onMouseMove={[Function]}
    onMouseUp={[MockFunction]}
    onTouchEnd={[MockFunction]}
    onTouchMove={[Function]}
    onTouchStart={[MockFunction]}
    tabIndex="0"
  >
    <div
      className="dial"
      style={
        Object {
          "transform": "rotate(-180deg)",
        }
      }
    >
      <span
        className="dial__marker"
      />
    </div>
  </div>
  <p
    className="dial__label"
  >
    Test Dial
  </p>
  <input
    className="dial__number-input"
    max={100}
    min={0}
    onChange={[Function]}
    step={5}
    type="number"
    value={50}
  />
</div>
`;
