// Jest Snapshot v1, https://goo.gl/fbAQLP

exports[`renders correctly 1`] = `
<div
  className="mixer__master-controls-container"
>
  <div
    className="mixer__master-slider-container"
  >
    <div
      className="mixer__master-volume-marker-container"
    >
      <p
        className="mixer__master-volume-marker"
      >
        10
      </p>
      <p
        className="mixer__master-volume-marker"
      >
        0
      </p>
      <p
        className="mixer__master-volume-marker"
      >
        -10
      </p>
      <p
        className="mixer__master-volume-marker"
      >
        -20
      </p>
      <p
        className="mixer__master-volume-marker"
      >
        -30
      </p>
      <p
        className="mixer__master-volume-marker"
      >
        -40
      </p>
    </div>
    <input
      className="range-input range-input__mixer-master-volume"
      id="master-volume-slider"
      max={10}
      min={-40}
      onChange={[MockFunction]}
      step={0.25}
      type="range"
      value={0}
    />
    <Meter
      isMaster={true}
      trackId="master"
    />
  </div>
</div>
`;
