// Jest Snapshot v1, https://goo.gl/fbAQLP

exports[`renders correctly 1`] = `
<MasterSlider
  handleVolumeChange={[Function]}
  trackId="master"
  volume={0}
/>
`;
