// Jest Snapshot v1, https://goo.gl/fbAQLP

exports[`renders correctly 1`] = `
<div
  className="mixer__meter-outer"
>
  <div
    className="mixer__meter-inner"
  />
</div>
`;
